Text:
//generated by AIK version 20070512
@0000
8000
8000
8000
8000
8000
//end
Data:
//generated by AIK version 20070512
//end
