Text:
//generated by AIK version 20070512
@0000
0208
1208
2208
3208
4208
5208
6208
7208
//end
Data:
//generated by AIK version 20070512
//end
