Text:
//generated by AIK version 20070512
@0000
000a
9200
//end
Data:
//generated by AIK version 20070512
//end
