Text:
//generated by AIK version 20070512
@0000
824a
//end
Data:
//generated by AIK version 20070512
//end
