Text:
//generated by AIK version 20070512
@0000
1000
1041
1082
10c3
1104
1145
1186
11c7
1208
1249
128a
12cb
130c
134d
138e
13cf
1410
1451
1492
14d3
1514
1555
1596
15d7
1618
1659
169a
16db
171c
175d
179e
17df
1820
1861
18a2
18e3
1924
1965
19a6
19e7
1a28
1a69
1aaa
1aeb
1b2c
1b6d
1bae
1bef
1c30
1c71
1cb2
1cf3
1d34
1d75
1db6
1df7
1e38
1e79
1eba
1efb
1f3c
1f7d
1fbe
1fff
//end
Data:
//generated by AIK version 20070512
//end
